> Task :app:preBuild UP-TO-DATE
> Task :app:preDebugBuild UP-TO-DATE
> Task :app:mergeDebugNativeDebugMetadata NO-SOURCE
> Task :app:checkDebugAarMetadata UP-TO-DATE
> Task :app:generateDebugResValues UP-TO-DATE
> Task :app:mapDebugSourceSetPaths UP-TO-DATE
> Task :app:generateDebugResources UP-TO-DATE
> Task :app:mergeDebugResources UP-TO-DATE
> Task :app:packageDebugResources UP-TO-DATE
> Task :app:parseDebugLocalResources UP-TO-DATE
> Task :app:createDebugCompatibleScreenManifests UP-TO-DATE
> Task :app:extractDeepLinksDebug UP-TO-DATE
> Task :app:processDebugMainManifest UP-TO-DATE
> Task :app:processDebugManifest UP-TO-DATE
> Task :app:processDebugManifestForPackage UP-TO-DATE
> Task :app:processDebugResources UP-TO-DATE
> Task :app:javaPreCompileDebug UP-TO-DATE
> Task :app:mergeDebugShaders UP-TO-DATE
> Task :app:compileDebugShaders NO-SOURCE
> Task :app:generateDebugAssets UP-TO-DATE
> Task :app:mergeDebugAssets UP-TO-DATE
> Task :app:compressDebugAssets UP-TO-DATE
> Task :app:checkDebugDuplicateClasses UP-TO-DATE
> Task :app:desugarDebugFileDependencies UP-TO-DATE
> Task :app:mergeExtDexDebug UP-TO-DATE
> Task :app:mergeLibDexDebug UP-TO-DATE
> Task :app:mergeDebugJniLibFolders UP-TO-DATE
> Task :app:mergeDebugNativeLibs UP-TO-DATE
> Task :app:stripDebugDebugSymbols UP-TO-DATE
> Task :app:validateSigningDebug UP-TO-DATE
> Task :app:writeDebugAppMetadata UP-TO-DATE
> Task :app:writeDebugSigningConfigVersions UP-TO-DATE
> Task :app:kspDebugKotlin

> Task :app:compileDebugKotlin
w: file:///home/raynor/Escritorio/Proyectos/audio-libro/app/src/main/java/com/example/cititor/core/tts/TextToSpeechManager.kt:148:58 Parameter 'category' is never used
w: file:///home/raynor/Escritorio/Proyectos/audio-libro/app/src/main/java/com/example/cititor/core/tts/TextToSpeechManager.kt:239:30 Variable 'finalIntention' is assigned but never accessed
w: file:///home/raynor/Escritorio/Proyectos/audio-libro/app/src/main/java/com/example/cititor/core/tts/TextToSpeechManager.kt:247:30 The value 'segment.intention' assigned to 'val finalIntention: ProsodyIntention defined in com.example.cititor.core.tts.TextToSpeechManager.speak.`<anonymous>`.`<anonymous>`' is never used
w: file:///home/raynor/Escritorio/Proyectos/audio-libro/app/src/main/java/com/example/cititor/core/tts/TextToSpeechManager.kt:253:30 The value 'segment.intention' assigned to 'val finalIntention: ProsodyIntention defined in com.example.cititor.core.tts.TextToSpeechManager.speak.`<anonymous>`.`<anonymous>`' is never used
w: file:///home/raynor/Escritorio/Proyectos/audio-libro/app/src/main/java/com/example/cititor/core/tts/TextToSpeechManager.kt:273:34 Name shadowed: nativeRate
w: file:///home/raynor/Escritorio/Proyectos/audio-libro/app/src/main/java/com/example/cititor/domain/analyzer/AdvancedProsodyAnalyzer.kt:27:13 Variable 'detections' is never used
w: file:///home/raynor/Escritorio/Proyectos/audio-libro/app/src/main/java/com/example/cititor/domain/analyzer/CharacterDetector.kt:72:53 Parameter 'name' is never used
w: file:///home/raynor/Escritorio/Proyectos/audio-libro/app/src/main/java/com/example/cititor/domain/analyzer/CharacterDetector.kt:79:46 Parameter 'name' is never used

> Task :app:compileDebugJavaWithJavac
> Task :app:hiltAggregateDepsDebug UP-TO-DATE
> Task :app:hiltJavaCompileDebug
> Task :app:processDebugJavaRes
> Task :app:transformDebugClassesWithAsm
> Task :app:mergeDebugJavaResource
> Task :app:dexBuilderDebug
> Task :app:mergeProjectDexDebug
> Task :app:packageDebug
> Task :app:createDebugApkListingFileRedirect
> Task :app:assembleDebug

[Incubating] Problems report is available at: file:///home/raynor/Escritorio/Proyectos/audio-libro/build/reports/problems/problems-report.html

Deprecated Gradle features were used in this build, making it incompatible with Gradle 9.0.

You can use '--warning-mode all' to show the individual deprecation warnings and determine if they come from your own scripts or plugins.

For more on this, please refer to https://docs.gradle.org/8.13/userguide/command_line_interface.html#sec:command_line_warnings in the Gradle documentation.

BUILD SUCCESSFUL in 17s
38 actionable tasks: 11 executed, 27 up-to-date
