01-02 17:43:53.805  1044  1111 I artd    : GetBestInfo: odex next to the dex file (/data/app/~~xED8esbZ8cY742D38PHDjw==/com.google.android.gms--xlFjAgmy0dbzPOdciNyug==/oat/x86_64/base.odex) is kOatUpToDate with filter 'speed-profile' executable 'false'
01-02 17:43:53.807  1044  1111 I artd    : GetBestInfo: odex next to the dex file (/data/app/~~xED8esbZ8cY742D38PHDjw==/com.google.android.gms--xlFjAgmy0dbzPOdciNyug==/oat/x86_64/split_AdsDynamite_installtime.odex) is kOatUpToDate with filter 'speed' executable 'false'
01-02 17:43:53.809  1044  1111 I artd    : GetBestInfo: odex next to the dex file (/data/app/~~xED8esbZ8cY742D38PHDjw==/com.google.android.gms--xlFjAgmy0dbzPOdciNyug==/oat/x86_64/split_CronetDynamite_installtime.odex) is kOatUpToDate with filter 'speed' executable 'false'
01-02 17:43:53.811  1044  1111 I artd    : GetBestInfo: odex next to the dex file (/data/app/~~xED8esbZ8cY742D38PHDjw==/com.google.android.gms--xlFjAgmy0dbzPOdciNyug==/oat/x86_64/split_DynamiteLoader_installtime.odex) is kOatUpToDate with filter 'speed' executable 'false'
01-02 17:43:53.813  1044  1111 I artd    : GetBestInfo: odex next to the dex file (/data/app/~~xED8esbZ8cY742D38PHDjw==/com.google.android.gms--xlFjAgmy0dbzPOdciNyug==/oat/x86_64/split_DynamiteModulesA_installtime.odex) is kOatUpToDate with filter 'speed' executable 'false'
01-02 17:43:53.815  1044  1111 I artd    : GetBestInfo: odex next to the dex file (/data/app/~~xED8esbZ8cY742D38PHDjw==/com.google.android.gms--xlFjAgmy0dbzPOdciNyug==/oat/x86_64/split_DynamiteModulesC_installtime.odex) is kOatUpToDate with filter 'speed' executable 'false'
01-02 17:43:53.817  1044  1111 I artd    : GetBestInfo: odex next to the dex file (/data/app/~~xED8esbZ8cY742D38PHDjw==/com.google.android.gms--xlFjAgmy0dbzPOdciNyug==/oat/x86_64/split_GoogleCertificates_installtime.odex) is kOatUpToDate with filter 'speed' executable 'false'
01-02 17:43:53.818  1044  1111 I artd    : GetBestInfo: odex next to the dex file (/data/app/~~xED8esbZ8cY742D38PHDjw==/com.google.android.gms--xlFjAgmy0dbzPOdciNyug==/oat/x86_64/split_MapsDynamite_installtime.odex) is kOatUpToDate with filter 'speed' executable 'false'
01-02 17:43:53.820  1044  1111 I artd    : GetBestInfo: odex next to the dex file (/data/app/~~xED8esbZ8cY742D38PHDjw==/com.google.android.gms--xlFjAgmy0dbzPOdciNyug==/oat/x86_64/split_MeasurementDynamite_installtime.odex) is kOatUpToDate with filter 'speed' executable 'false'
01-02 17:43:53.821  1044  1111 I artd    : GetBestInfo: odex next to the dex file (/data/app/~~xED8esbZ8cY742D38PHDjw==/com.google.android.gms--xlFjAgmy0dbzPOdciNyug==/oat/x86_64/split_all_locale_splits.odex) is kOatUpToDate with filter 'speed' executable 'false'
01-02 17:43:53.822  1044  1111 I artd    : GetBestInfo: /data/user_de/0/com.google.android.gms/app_chimera/m/00000012/dl-MlkitOcrCommon.optional_254730100800.apk has no usable artifacts
01-02 17:43:53.825  1044  1111 I artd    : GetBestInfo: /data/user_de/0/com.google.android.gms/app_chimera/m/0000000c/dl-MlkitBarcodeUi.optional_253434100800.apk has no usable artifacts
01-02 17:43:53.825  1044  1111 I artd    : GetBestInfo: /data/user_de/0/com.google.android.gms/app_chimera/m/00000001/CronetDynamite.apk has no usable artifacts
01-02 17:43:53.825  1044  1111 I artd    : GetBestInfo: /data/user_de/0/com.google.android.gms/app_chimera/m/00000002/DynamiteLoader.apk has no usable artifacts
01-02 17:43:53.826  1044  1111 I artd    : GetBestInfo: /data/user_de/0/com.google.android.gms/app_chimera/m/0000000a/dl-TfliteDynamiteDynamite.integ_243930802100800.apk has no usable artifacts
01-02 17:43:53.827  1044  1111 I artd    : GetBestInfo: /data/user_de/0/com.google.android.gms/app_chimera/m/00000005/GoogleCertificates.apk has no usable artifacts
01-02 17:43:53.828  1044  1111 I artd    : GetBestInfo: /data/user_de/0/com.google.android.gms/app_chimera/m/00000016/dl-MlkitBarcodeUi.optional_254730100800.apk has no usable artifacts
01-02 17:43:53.831  1044  1111 I artd    : GetBestInfo: vdex next to the dex file (/data/user/0/com.google.android.gms/app_dg_cache/3E7B8642D2C3A70E57BF17BBA509AC6EF658CD43/oat/x86_64/the.vdex) is kOatUpToDate with filter 'verify' executable 'false'
01-02 17:43:53.832  1044  1111 I artd    : GetBestInfo: /data/user_de/0/com.google.android.gms/app_chimera/m/00000008/dl-VisionOcr.optional_253434100000.apk has no usable artifacts
01-02 17:43:53.834  1044  1111 I artd    : GetBestInfo: /data/user_de/0/com.google.android.gms/app_chimera/m/00000014/dl-Appsearch.optional_254730100800.apk has no usable artifacts
01-02 17:43:53.836  1044  1111 I artd    : GetBestInfo: /data/user_de/0/com.google.android.gms/app_chimera/m/00000009/dl-MlkitOcrCommon.optional_253434100800.apk has no usable artifacts
01-02 17:43:53.838  1044  1111 I artd    : GetBestInfo: /data/user_de/0/com.google.android.gms/app_chimera/m/0000000f/dl-Appsearch.optional_253434100800.apk has no usable artifacts
01-02 17:43:53.841  1044  1111 I artd    : GetBestInfo: vdex next to the dex file (/data/user/0/com.google.android.gms/app_dg_cache/9F0553103A93E6B9A9293C06FF57F54D16588402/oat/x86_64/the.vdex) is kOatUpToDate with filter 'verify' executable 'false'
01-02 17:43:53.842  1044  1111 I artd    : GetBestInfo: /data/user_de/0/com.google.android.gms/app_chimera/m/00000010/dl-VisionOcr.optional_254730100000.apk has no usable artifacts
01-02 17:43:53.844  1044  1111 I artd    : GetBestInfo: /data/user_de/0/com.google.android.gms/app_chimera/m/00000011/dl-PlayCloudSearch.optional_254730100000.apk has no usable artifacts
01-02 17:43:53.845  1044  1111 I artd    : GetBestInfo: /data/user_de/0/com.google.android.gms/app_chimera/m/00000007/MeasurementDynamite.apk has no usable artifacts
01-02 17:43:53.846  1044  1111 I artd    : GetBestInfo: vdex next to the dex file (/data/user/0/com.google.android.gms/app_dg_cache/4C804C498047991068B7703A3662CB65242D8D66/oat/x86_64/the.vdex) is kOatUpToDate with filter 'verify' executable 'false'
01-02 17:43:53.848  1044  1111 I artd    : GetBestInfo: /data/user_de/0/com.google.android.gms/app_chimera/m/0000000e/dl-PlayCloudSearch.optional_253434100000.apk has no usable artifacts
01-02 17:43:56.289   777  1306 I HalDevMgr: bestIfaceCreationProposal is null, requestIface=STA, existingIface=[name=wlan0 type=STA]
01-02 17:43:59.293   777  1306 I HalDevMgr: bestIfaceCreationProposal is null, requestIface=STA, existingIface=[name=wlan0 type=STA]
01-02 17:44:02.298   777  1306 I HalDevMgr: bestIfaceCreationProposal is null, requestIface=STA, existingIface=[name=wlan0 type=STA]
01-02 17:44:02.714  1554  1666 D SatelliteController: iisInCarrierRoamingNbIotNtn: satellite is disabled
01-02 17:44:02.715  1554  1666 D SatelliteController: getCarrierRoamingNtnConnectType: Falling back to global carrier config connect type: 0
01-02 17:44:03.772  8835  8835 W libbinder.BackendUnifiedServiceManager: Thread Pool max thread count is 0. Cannot cache binder as linkToDeath cannot be implemented. serviceName: package
01-02 17:44:03.796  1044  1111 I artd    : GetBestInfo: odex next to the dex file (/data/app/~~xED8esbZ8cY742D38PHDjw==/com.google.android.gms--xlFjAgmy0dbzPOdciNyug==/oat/x86_64/base.odex) is kOatUpToDate with filter 'speed-profile' executable 'false'
01-02 17:44:03.797  1044  1111 I artd    : GetBestInfo: odex next to the dex file (/data/app/~~xED8esbZ8cY742D38PHDjw==/com.google.android.gms--xlFjAgmy0dbzPOdciNyug==/oat/x86_64/split_AdsDynamite_installtime.odex) is kOatUpToDate with filter 'speed' executable 'false'
01-02 17:44:03.799  1044  1111 I artd    : GetBestInfo: odex next to the dex file (/data/app/~~xED8esbZ8cY742D38PHDjw==/com.google.android.gms--xlFjAgmy0dbzPOdciNyug==/oat/x86_64/split_CronetDynamite_installtime.odex) is kOatUpToDate with filter 'speed' executable 'false'
01-02 17:44:03.800  1044  1111 I artd    : GetBestInfo: odex next to the dex file (/data/app/~~xED8esbZ8cY742D38PHDjw==/com.google.android.gms--xlFjAgmy0dbzPOdciNyug==/oat/x86_64/split_DynamiteLoader_installtime.odex) is kOatUpToDate with filter 'speed' executable 'false'
01-02 17:44:03.802  1044  1111 I artd    : GetBestInfo: odex next to the dex file (/data/app/~~xED8esbZ8cY742D38PHDjw==/com.google.android.gms--xlFjAgmy0dbzPOdciNyug==/oat/x86_64/split_DynamiteModulesA_installtime.odex) is kOatUpToDate with filter 'speed' executable 'false'
01-02 17:44:03.803  1044  1111 I artd    : GetBestInfo: odex next to the dex file (/data/app/~~xED8esbZ8cY742D38PHDjw==/com.google.android.gms--xlFjAgmy0dbzPOdciNyug==/oat/x86_64/split_DynamiteModulesC_installtime.odex) is kOatUpToDate with filter 'speed' executable 'false'
01-02 17:44:03.804  1044  1111 I artd    : GetBestInfo: odex next to the dex file (/data/app/~~xED8esbZ8cY742D38PHDjw==/com.google.android.gms--xlFjAgmy0dbzPOdciNyug==/oat/x86_64/split_GoogleCertificates_installtime.odex) is kOatUpToDate with filter 'speed' executable 'false'
01-02 17:44:03.806  1044  1111 I artd    : GetBestInfo: odex next to the dex file (/data/app/~~xED8esbZ8cY742D38PHDjw==/com.google.android.gms--xlFjAgmy0dbzPOdciNyug==/oat/x86_64/split_MapsDynamite_installtime.odex) is kOatUpToDate with filter 'speed' executable 'false'
01-02 17:44:03.807  1044  1111 I artd    : GetBestInfo: odex next to the dex file (/data/app/~~xED8esbZ8cY742D38PHDjw==/com.google.android.gms--xlFjAgmy0dbzPOdciNyug==/oat/x86_64/split_MeasurementDynamite_installtime.odex) is kOatUpToDate with filter 'speed' executable 'false'
01-02 17:44:03.809  1044  1111 I artd    : GetBestInfo: odex next to the dex file (/data/app/~~xED8esbZ8cY742D38PHDjw==/com.google.android.gms--xlFjAgmy0dbzPOdciNyug==/oat/x86_64/split_all_locale_splits.odex) is kOatUpToDate with filter 'speed' executable 'false'
01-02 17:44:03.810  1044  1111 I artd    : GetBestInfo: /data/user_de/0/com.google.android.gms/app_chimera/m/00000012/dl-MlkitOcrCommon.optional_254730100800.apk has no usable artifacts
01-02 17:44:03.812  1044  1111 I artd    : GetBestInfo: /data/user_de/0/com.google.android.gms/app_chimera/m/0000000c/dl-MlkitBarcodeUi.optional_253434100800.apk has no usable artifacts
01-02 17:44:03.812  1044  1111 I artd    : GetBestInfo: /data/user_de/0/com.google.android.gms/app_chimera/m/00000001/CronetDynamite.apk has no usable artifacts
01-02 17:44:03.812  1044  1111 I artd    : GetBestInfo: /data/user_de/0/com.google.android.gms/app_chimera/m/00000002/DynamiteLoader.apk has no usable artifacts
01-02 17:44:03.813  1044  1111 I artd    : GetBestInfo: /data/user_de/0/com.google.android.gms/app_chimera/m/0000000a/dl-TfliteDynamiteDynamite.integ_243930802100800.apk has no usable artifacts
01-02 17:44:03.813  1044  1111 I artd    : GetBestInfo: /data/user_de/0/com.google.android.gms/app_chimera/m/00000005/GoogleCertificates.apk has no usable artifacts
01-02 17:44:03.814  1044  1111 I artd    : GetBestInfo: /data/user_de/0/com.google.android.gms/app_chimera/m/00000016/dl-MlkitBarcodeUi.optional_254730100800.apk has no usable artifacts
01-02 17:44:03.816  1044  1111 I artd    : GetBestInfo: vdex next to the dex file (/data/user/0/com.google.android.gms/app_dg_cache/3E7B8642D2C3A70E57BF17BBA509AC6EF658CD43/oat/x86_64/the.vdex) is kOatUpToDate with filter 'verify' executable 'false'
01-02 17:44:03.818  1044  1111 I artd    : GetBestInfo: /data/user_de/0/com.google.android.gms/app_chimera/m/00000008/dl-VisionOcr.optional_253434100000.apk has no usable artifacts
01-02 17:44:03.819  1044  1111 I artd    : GetBestInfo: /data/user_de/0/com.google.android.gms/app_chimera/m/00000014/dl-Appsearch.optional_254730100800.apk has no usable artifacts
01-02 17:44:03.821  1044  1111 I artd    : GetBestInfo: /data/user_de/0/com.google.android.gms/app_chimera/m/00000009/dl-MlkitOcrCommon.optional_253434100800.apk has no usable artifacts
01-02 17:44:03.822  1044  1111 I artd    : GetBestInfo: /data/user_de/0/com.google.android.gms/app_chimera/m/0000000f/dl-Appsearch.optional_253434100800.apk has no usable artifacts
01-02 17:44:03.825  1044  1111 I artd    : GetBestInfo: vdex next to the dex file (/data/user/0/com.google.android.gms/app_dg_cache/9F0553103A93E6B9A9293C06FF57F54D16588402/oat/x86_64/the.vdex) is kOatUpToDate with filter 'verify' executable 'false'
01-02 17:44:03.826  1044  1111 I artd    : GetBestInfo: /data/user_de/0/com.google.android.gms/app_chimera/m/00000010/dl-VisionOcr.optional_254730100000.apk has no usable artifacts
01-02 17:44:03.827  1044  1111 I artd    : GetBestInfo: /data/user_de/0/com.google.android.gms/app_chimera/m/00000011/dl-PlayCloudSearch.optional_254730100000.apk has no usable artifacts
01-02 17:44:03.828  1044  1111 I artd    : GetBestInfo: /data/user_de/0/com.google.android.gms/app_chimera/m/00000007/MeasurementDynamite.apk has no usable artifacts
01-02 17:44:03.830  1044  1111 I artd    : GetBestInfo: vdex next to the dex file (/data/user/0/com.google.android.gms/app_dg_cache/4C804C498047991068B7703A3662CB65242D8D66/oat/x86_64/the.vdex) is kOatUpToDate with filter 'verify' executable 'false'
01-02 17:44:03.831  1044  1111 I artd    : GetBestInfo: /data/user_de/0/com.google.android.gms/app_chimera/m/0000000e/dl-PlayCloudSearch.optional_253434100000.apk has no usable artifacts
01-02 17:44:05.303   777  1306 I HalDevMgr: bestIfaceCreationProposal is null, requestIface=STA, existingIface=[name=wlan0 type=STA]
01-02 17:44:08.308   777  1306 I HalDevMgr: bestIfaceCreationProposal is null, requestIface=STA, existingIface=[name=wlan0 type=STA]
01-02 17:44:10.532   777  2635 D WifiNl80211Manager: Scan result ready event
01-02 17:44:10.532   777  2635 D WifiNative: Scan result ready event
01-02 17:44:10.534  6712  6722 I WifiScanner: onFullResults
01-02 17:44:10.534  6712  6806 I WifiScanner: onFullResults
01-02 17:44:10.535   777  1306 I HalDevMgr: bestIfaceCreationProposal is null, requestIface=STA, existingIface=[name=wlan0 type=STA]
01-02 17:44:11.311   777  1306 I HalDevMgr: bestIfaceCreationProposal is null, requestIface=STA, existingIface=[name=wlan0 type=STA]
01-02 17:44:12.715  1554  1666 D SatelliteController: iisInCarrierRoamingNbIotNtn: satellite is disabled
01-02 17:44:12.716  1554  1666 D SatelliteController: getCarrierRoamingNtnConnectType: Falling back to global carrier config connect type: 0
01-02 17:44:13.794  8838  8838 W libbinder.BackendUnifiedServiceManager: Thread Pool max thread count is 0. Cannot cache binder as linkToDeath cannot be implemented. serviceName: package
01-02 17:44:13.838  1044  1111 I artd    : GetBestInfo: odex next to the dex file (/data/app/~~xED8esbZ8cY742D38PHDjw==/com.google.android.gms--xlFjAgmy0dbzPOdciNyug==/oat/x86_64/base.odex) is kOatUpToDate with filter 'speed-profile' executable 'false'
01-02 17:44:13.840  1044  1111 I artd    : GetBestInfo: odex next to the dex file (/data/app/~~xED8esbZ8cY742D38PHDjw==/com.google.android.gms--xlFjAgmy0dbzPOdciNyug==/oat/x86_64/split_AdsDynamite_installtime.odex) is kOatUpToDate with filter 'speed' executable 'false'
01-02 17:44:13.843  1044  1111 I artd    : GetBestInfo: odex next to the dex file (/data/app/~~xED8esbZ8cY742D38PHDjw==/com.google.android.gms--xlFjAgmy0dbzPOdciNyug==/oat/x86_64/split_CronetDynamite_installtime.odex) is kOatUpToDate with filter 'speed' executable 'false'
01-02 17:44:13.845  1044  1111 I artd    : GetBestInfo: odex next to the dex file (/data/app/~~xED8esbZ8cY742D38PHDjw==/com.google.android.gms--xlFjAgmy0dbzPOdciNyug==/oat/x86_64/split_DynamiteLoader_installtime.odex) is kOatUpToDate with filter 'speed' executable 'false'
01-02 17:44:13.847  1044  1111 I artd    : GetBestInfo: odex next to the dex file (/data/app/~~xED8esbZ8cY742D38PHDjw==/com.google.android.gms--xlFjAgmy0dbzPOdciNyug==/oat/x86_64/split_DynamiteModulesA_installtime.odex) is kOatUpToDate with filter 'speed' executable 'false'
01-02 17:44:13.849  1044  1111 I artd    : GetBestInfo: odex next to the dex file (/data/app/~~xED8esbZ8cY742D38PHDjw==/com.google.android.gms--xlFjAgmy0dbzPOdciNyug==/oat/x86_64/split_DynamiteModulesC_installtime.odex) is kOatUpToDate with filter 'speed' executable 'false'
01-02 17:44:13.851  1044  1111 I artd    : GetBestInfo: odex next to the dex file (/data/app/~~xED8esbZ8cY742D38PHDjw==/com.google.android.gms--xlFjAgmy0dbzPOdciNyug==/oat/x86_64/split_GoogleCertificates_installtime.odex) is kOatUpToDate with filter 'speed' executable 'false'
01-02 17:44:13.853  1044  1111 I artd    : GetBestInfo: odex next to the dex file (/data/app/~~xED8esbZ8cY742D38PHDjw==/com.google.android.gms--xlFjAgmy0dbzPOdciNyug==/oat/x86_64/split_MapsDynamite_installtime.odex) is kOatUpToDate with filter 'speed' executable 'false'
01-02 17:44:13.856  1044  1111 I artd    : GetBestInfo: odex next to the dex file (/data/app/~~xED8esbZ8cY742D38PHDjw==/com.google.android.gms--xlFjAgmy0dbzPOdciNyug==/oat/x86_64/split_MeasurementDynamite_installtime.odex) is kOatUpToDate with filter 'speed' executable 'false'
01-02 17:44:13.859  1044  1111 I artd    : GetBestInfo: odex next to the dex file (/data/app/~~xED8esbZ8cY742D38PHDjw==/com.google.android.gms--xlFjAgmy0dbzPOdciNyug==/oat/x86_64/split_all_locale_splits.odex) is kOatUpToDate with filter 'speed' executable 'false'
01-02 17:44:13.861  1044  1111 I artd    : GetBestInfo: /data/user_de/0/com.google.android.gms/app_chimera/m/00000012/dl-MlkitOcrCommon.optional_254730100800.apk has no usable artifacts
01-02 17:44:13.863  1044  1111 I artd    : GetBestInfo: /data/user_de/0/com.google.android.gms/app_chimera/m/0000000c/dl-MlkitBarcodeUi.optional_253434100800.apk has no usable artifacts
01-02 17:44:13.863  1044  1111 I artd    : GetBestInfo: /data/user_de/0/com.google.android.gms/app_chimera/m/00000001/CronetDynamite.apk has no usable artifacts
01-02 17:44:13.864  1044  1111 I artd    : GetBestInfo: /data/user_de/0/com.google.android.gms/app_chimera/m/00000002/DynamiteLoader.apk has no usable artifacts
01-02 17:44:13.865  1044  1111 I artd    : GetBestInfo: /data/user_de/0/com.google.android.gms/app_chimera/m/0000000a/dl-TfliteDynamiteDynamite.integ_243930802100800.apk has no usable artifacts
01-02 17:44:13.865  1044  1111 I artd    : GetBestInfo: /data/user_de/0/com.google.android.gms/app_chimera/m/00000005/GoogleCertificates.apk has no usable artifacts
01-02 17:44:13.866  1044  1111 I artd    : GetBestInfo: /data/user_de/0/com.google.android.gms/app_chimera/m/00000016/dl-MlkitBarcodeUi.optional_254730100800.apk has no usable artifacts
01-02 17:44:13.869  1044  1111 I artd    : GetBestInfo: vdex next to the dex file (/data/user/0/com.google.android.gms/app_dg_cache/3E7B8642D2C3A70E57BF17BBA509AC6EF658CD43/oat/x86_64/the.vdex) is kOatUpToDate with filter 'verify' executable 'false'
01-02 17:44:13.871  1044  1111 I artd    : GetBestInfo: /data/user_de/0/com.google.android.gms/app_chimera/m/00000008/dl-VisionOcr.optional_253434100000.apk has no usable artifacts
01-02 17:44:13.872  1044  1111 I artd    : GetBestInfo: /data/user_de/0/com.google.android.gms/app_chimera/m/00000014/dl-Appsearch.optional_254730100800.apk has no usable artifacts
01-02 17:44:13.874  1044  1111 I artd    : GetBestInfo: /data/user_de/0/com.google.android.gms/app_chimera/m/00000009/dl-MlkitOcrCommon.optional_253434100800.apk has no usable artifacts
01-02 17:44:13.877  1044  1111 I artd    : GetBestInfo: /data/user_de/0/com.google.android.gms/app_chimera/m/0000000f/dl-Appsearch.optional_253434100800.apk has no usable artifacts
01-02 17:44:13.879  1044  1111 I artd    : GetBestInfo: vdex next to the dex file (/data/user/0/com.google.android.gms/app_dg_cache/9F0553103A93E6B9A9293C06FF57F54D16588402/oat/x86_64/the.vdex) is kOatUpToDate with filter 'verify' executable 'false'
01-02 17:44:13.881  1044  1111 I artd    : GetBestInfo: /data/user_de/0/com.google.android.gms/app_chimera/m/00000010/dl-VisionOcr.optional_254730100000.apk has no usable artifacts
01-02 17:44:13.882  1044  1111 I artd    : GetBestInfo: /data/user_de/0/com.google.android.gms/app_chimera/m/00000011/dl-PlayCloudSearch.optional_254730100000.apk has no usable artifacts
01-02 17:44:13.886  1044  1111 I artd    : GetBestInfo: /data/user_de/0/com.google.android.gms/app_chimera/m/00000007/MeasurementDynamite.apk has no usable artifacts
01-02 17:44:13.888  1044  1111 I artd    : GetBestInfo: vdex next to the dex file (/data/user/0/com.google.android.gms/app_dg_cache/4C804C498047991068B7703A3662CB65242D8D66/oat/x86_64/the.vdex) is kOatUpToDate with filter 'verify' executable 'false'
01-02 17:44:13.890  1044  1111 I artd    : GetBestInfo: /data/user_de/0/com.google.android.gms/app_chimera/m/0000000e/dl-PlayCloudSearch.optional_253434100000.apk has no usable artifacts
01-02 17:44:14.317   777  1306 I HalDevMgr: bestIfaceCreationProposal is null, requestIface=STA, existingIface=[name=wlan0 type=STA]
01-02 17:44:17.325   777  1306 I HalDevMgr: bestIfaceCreationProposal is null, requestIface=STA, existingIface=[name=wlan0 type=STA]
01-02 17:44:20.330   777  1306 I HalDevMgr: bestIfaceCreationProposal is null, requestIface=STA, existingIface=[name=wlan0 type=STA]
01-02 17:44:22.716  1554  1666 D SatelliteController: iisInCarrierRoamingNbIotNtn: satellite is disabled
01-02 17:44:22.717  1554  1666 D SatelliteController: getCarrierRoamingNtnConnectType: Falling back to global carrier config connect type: 0
01-02 17:44:23.335   777  1306 I HalDevMgr: bestIfaceCreationProposal is null, requestIface=STA, existingIface=[name=wlan0 type=STA]
01-02 17:44:23.785  8841  8841 W libbinder.BackendUnifiedServiceManager: Thread Pool max thread count is 0. Cannot cache binder as linkToDeath cannot be implemented. serviceName: package
01-02 17:44:23.832  1044  1111 I artd    : GetBestInfo: odex next to the dex file (/data/app/~~xED8esbZ8cY742D38PHDjw==/com.google.android.gms--xlFjAgmy0dbzPOdciNyug==/oat/x86_64/base.odex) is kOatUpToDate with filter 'speed-profile' executable 'false'
01-02 17:44:23.834  1044  1111 I artd    : GetBestInfo: odex next to the dex file (/data/app/~~xED8esbZ8cY742D38PHDjw==/com.google.android.gms--xlFjAgmy0dbzPOdciNyug==/oat/x86_64/split_AdsDynamite_installtime.odex) is kOatUpToDate with filter 'speed' executable 'false'
01-02 17:44:23.836  1044  1111 I artd    : GetBestInfo: odex next to the dex file (/data/app/~~xED8esbZ8cY742D38PHDjw==/com.google.android.gms--xlFjAgmy0dbzPOdciNyug==/oat/x86_64/split_CronetDynamite_installtime.odex) is kOatUpToDate with filter 'speed' executable 'false'
01-02 17:44:23.838  1044  1111 I artd    : GetBestInfo: odex next to the dex file (/data/app/~~xED8esbZ8cY742D38PHDjw==/com.google.android.gms--xlFjAgmy0dbzPOdciNyug==/oat/x86_64/split_DynamiteLoader_installtime.odex) is kOatUpToDate with filter 'speed' executable 'false'
01-02 17:44:23.840  1044  1111 I artd    : GetBestInfo: odex next to the dex file (/data/app/~~xED8esbZ8cY742D38PHDjw==/com.google.android.gms--xlFjAgmy0dbzPOdciNyug==/oat/x86_64/split_DynamiteModulesA_installtime.odex) is kOatUpToDate with filter 'speed' executable 'false'
01-02 17:44:23.842  1044  1111 I artd    : GetBestInfo: odex next to the dex file (/data/app/~~xED8esbZ8cY742D38PHDjw==/com.google.android.gms--xlFjAgmy0dbzPOdciNyug==/oat/x86_64/split_DynamiteModulesC_installtime.odex) is kOatUpToDate with filter 'speed' executable 'false'
01-02 17:44:23.844  1044  1111 I artd    : GetBestInfo: odex next to the dex file (/data/app/~~xED8esbZ8cY742D38PHDjw==/com.google.android.gms--xlFjAgmy0dbzPOdciNyug==/oat/x86_64/split_GoogleCertificates_installtime.odex) is kOatUpToDate with filter 'speed' executable 'false'
01-02 17:44:23.845  1044  1111 I artd    : GetBestInfo: odex next to the dex file (/data/app/~~xED8esbZ8cY742D38PHDjw==/com.google.android.gms--xlFjAgmy0dbzPOdciNyug==/oat/x86_64/split_MapsDynamite_installtime.odex) is kOatUpToDate with filter 'speed' executable 'false'
01-02 17:44:23.847  1044  1111 I artd    : GetBestInfo: odex next to the dex file (/data/app/~~xED8esbZ8cY742D38PHDjw==/com.google.android.gms--xlFjAgmy0dbzPOdciNyug==/oat/x86_64/split_MeasurementDynamite_installtime.odex) is kOatUpToDate with filter 'speed' executable 'false'
01-02 17:44:23.849  1044  1111 I artd    : GetBestInfo: odex next to the dex file (/data/app/~~xED8esbZ8cY742D38PHDjw==/com.google.android.gms--xlFjAgmy0dbzPOdciNyug==/oat/x86_64/split_all_locale_splits.odex) is kOatUpToDate with filter 'speed' executable 'false'
01-02 17:44:23.850  1044  1111 I artd    : GetBestInfo: /data/user_de/0/com.google.android.gms/app_chimera/m/00000012/dl-MlkitOcrCommon.optional_254730100800.apk has no usable artifacts
01-02 17:44:23.852  1044  1111 I artd    : GetBestInfo: /data/user_de/0/com.google.android.gms/app_chimera/m/0000000c/dl-MlkitBarcodeUi.optional_253434100800.apk has no usable artifacts
01-02 17:44:23.853  1044  1111 I artd    : GetBestInfo: /data/user_de/0/com.google.android.gms/app_chimera/m/00000001/CronetDynamite.apk has no usable artifacts
01-02 17:44:23.853  1044  1111 I artd    : GetBestInfo: /data/user_de/0/com.google.android.gms/app_chimera/m/00000002/DynamiteLoader.apk has no usable artifacts
01-02 17:44:23.854  1044  1111 I artd    : GetBestInfo: /data/user_de/0/com.google.android.gms/app_chimera/m/0000000a/dl-TfliteDynamiteDynamite.integ_243930802100800.apk has no usable artifacts
01-02 17:44:23.854  1044  1111 I artd    : GetBestInfo: /data/user_de/0/com.google.android.gms/app_chimera/m/00000005/GoogleCertificates.apk has no usable artifacts
01-02 17:44:23.855  1044  1111 I artd    : GetBestInfo: /data/user_de/0/com.google.android.gms/app_chimera/m/00000016/dl-MlkitBarcodeUi.optional_254730100800.apk has no usable artifacts
01-02 17:44:23.858  1044  1111 I artd    : GetBestInfo: vdex next to the dex file (/data/user/0/com.google.android.gms/app_dg_cache/3E7B8642D2C3A70E57BF17BBA509AC6EF658CD43/oat/x86_64/the.vdex) is kOatUpToDate with filter 'verify' executable 'false'
01-02 17:44:23.860  1044  1111 I artd    : GetBestInfo: /data/user_de/0/com.google.android.gms/app_chimera/m/00000008/dl-VisionOcr.optional_253434100000.apk has no usable artifacts
01-02 17:44:23.861  1044  1111 I artd    : GetBestInfo: /data/user_de/0/com.google.android.gms/app_chimera/m/00000014/dl-Appsearch.optional_254730100800.apk has no usable artifacts
01-02 17:44:23.863  1044  1111 I artd    : GetBestInfo: /data/user_de/0/com.google.android.gms/app_chimera/m/00000009/dl-MlkitOcrCommon.optional_253434100800.apk has no usable artifacts
01-02 17:44:23.865  1044  1111 I artd    : GetBestInfo: /data/user_de/0/com.google.android.gms/app_chimera/m/0000000f/dl-Appsearch.optional_253434100800.apk has no usable artifacts
01-02 17:44:23.867  1044  1111 I artd    : GetBestInfo: vdex next to the dex file (/data/user/0/com.google.android.gms/app_dg_cache/9F0553103A93E6B9A9293C06FF57F54D16588402/oat/x86_64/the.vdex) is kOatUpToDate with filter 'verify' executable 'false'
01-02 17:44:23.869  1044  1111 I artd    : GetBestInfo: /data/user_de/0/com.google.android.gms/app_chimera/m/00000010/dl-VisionOcr.optional_254730100000.apk has no usable artifacts
01-02 17:44:23.870  1044  1111 I artd    : GetBestInfo: /data/user_de/0/com.google.android.gms/app_chimera/m/00000011/dl-PlayCloudSearch.optional_254730100000.apk has no usable artifacts
01-02 17:44:23.871  1044  1111 I artd    : GetBestInfo: /data/user_de/0/com.google.android.gms/app_chimera/m/00000007/MeasurementDynamite.apk has no usable artifacts
01-02 17:44:23.873  1044  1111 I artd    : GetBestInfo: vdex next to the dex file (/data/user/0/com.google.android.gms/app_dg_cache/4C804C498047991068B7703A3662CB65242D8D66/oat/x86_64/the.vdex) is kOatUpToDate with filter 'verify' executable 'false'
01-02 17:44:23.875  1044  1111 I artd    : GetBestInfo: /data/user_de/0/com.google.android.gms/app_chimera/m/0000000e/dl-PlayCloudSearch.optional_253434100000.apk has no usable artifacts
01-02 17:44:26.340   777  1306 I HalDevMgr: bestIfaceCreationProposal is null, requestIface=STA, existingIface=[name=wlan0 type=STA]
01-02 17:44:29.345   777  1306 I HalDevMgr: bestIfaceCreationProposal is null, requestIface=STA, existingIface=[name=wlan0 type=STA]
01-02 17:44:32.349   777  1306 I HalDevMgr: bestIfaceCreationProposal is null, requestIface=STA, existingIface=[name=wlan0 type=STA]
01-02 17:44:32.714  1554  1666 D SatelliteController: iisInCarrierRoamingNbIotNtn: satellite is disabled
01-02 17:44:32.715  1554  1666 D SatelliteController: getCarrierRoamingNtnConnectType: Falling back to global carrier config connect type: 0
01-02 17:44:33.778  8844  8844 W libbinder.BackendUnifiedServiceManager: Thread Pool max thread count is 0. Cannot cache binder as linkToDeath cannot be implemented. serviceName: package
01-02 17:44:33.806  1044  1111 I artd    : GetBestInfo: odex next to the dex file (/data/app/~~xED8esbZ8cY742D38PHDjw==/com.google.android.gms--xlFjAgmy0dbzPOdciNyug==/oat/x86_64/base.odex) is kOatUpToDate with filter 'speed-profile' executable 'false'
01-02 17:44:33.808  1044  1111 I artd    : GetBestInfo: odex next to the dex file (/data/app/~~xED8esbZ8cY742D38PHDjw==/com.google.android.gms--xlFjAgmy0dbzPOdciNyug==/oat/x86_64/split_AdsDynamite_installtime.odex) is kOatUpToDate with filter 'speed' executable 'false'
01-02 17:44:33.810  1044  1111 I artd    : GetBestInfo: odex next to the dex file (/data/app/~~xED8esbZ8cY742D38PHDjw==/com.google.android.gms--xlFjAgmy0dbzPOdciNyug==/oat/x86_64/split_CronetDynamite_installtime.odex) is kOatUpToDate with filter 'speed' executable 'false'
01-02 17:44:33.811  1044  1111 I artd    : GetBestInfo: odex next to the dex file (/data/app/~~xED8esbZ8cY742D38PHDjw==/com.google.android.gms--xlFjAgmy0dbzPOdciNyug==/oat/x86_64/split_DynamiteLoader_installtime.odex) is kOatUpToDate with filter 'speed' executable 'false'
01-02 17:44:33.813  1044  1111 I artd    : GetBestInfo: odex next to the dex file (/data/app/~~xED8esbZ8cY742D38PHDjw==/com.google.android.gms--xlFjAgmy0dbzPOdciNyug==/oat/x86_64/split_DynamiteModulesA_installtime.odex) is kOatUpToDate with filter 'speed' executable 'false'
01-02 17:44:33.815  1044  1111 I artd    : GetBestInfo: odex next to the dex file (/data/app/~~xED8esbZ8cY742D38PHDjw==/com.google.android.gms--xlFjAgmy0dbzPOdciNyug==/oat/x86_64/split_DynamiteModulesC_installtime.odex) is kOatUpToDate with filter 'speed' executable 'false'
01-02 17:44:33.816  1044  1111 I artd    : GetBestInfo: odex next to the dex file (/data/app/~~xED8esbZ8cY742D38PHDjw==/com.google.android.gms--xlFjAgmy0dbzPOdciNyug==/oat/x86_64/split_GoogleCertificates_installtime.odex) is kOatUpToDate with filter 'speed' executable 'false'
01-02 17:44:33.818  1044  1111 I artd    : GetBestInfo: odex next to the dex file (/data/app/~~xED8esbZ8cY742D38PHDjw==/com.google.android.gms--xlFjAgmy0dbzPOdciNyug==/oat/x86_64/split_MapsDynamite_installtime.odex) is kOatUpToDate with filter 'speed' executable 'false'
01-02 17:44:33.819  1044  1111 I artd    : GetBestInfo: odex next to the dex file (/data/app/~~xED8esbZ8cY742D38PHDjw==/com.google.android.gms--xlFjAgmy0dbzPOdciNyug==/oat/x86_64/split_MeasurementDynamite_installtime.odex) is kOatUpToDate with filter 'speed' executable 'false'
01-02 17:44:33.821  1044  1111 I artd    : GetBestInfo: odex next to the dex file (/data/app/~~xED8esbZ8cY742D38PHDjw==/com.google.android.gms--xlFjAgmy0dbzPOdciNyug==/oat/x86_64/split_all_locale_splits.odex) is kOatUpToDate with filter 'speed' executable 'false'
01-02 17:44:33.822  1044  1111 I artd    : GetBestInfo: /data/user_de/0/com.google.android.gms/app_chimera/m/00000012/dl-MlkitOcrCommon.optional_254730100800.apk has no usable artifacts
01-02 17:44:33.824  1044  1111 I artd    : GetBestInfo: /data/user_de/0/com.google.android.gms/app_chimera/m/0000000c/dl-MlkitBarcodeUi.optional_253434100800.apk has no usable artifacts
01-02 17:44:33.825  1044  1111 I artd    : GetBestInfo: /data/user_de/0/com.google.android.gms/app_chimera/m/00000001/CronetDynamite.apk has no usable artifacts
01-02 17:44:33.825  1044  1111 I artd    : GetBestInfo: /data/user_de/0/com.google.android.gms/app_chimera/m/00000002/DynamiteLoader.apk has no usable artifacts
01-02 17:44:33.826  1044  1111 I artd    : GetBestInfo: /data/user_de/0/com.google.android.gms/app_chimera/m/0000000a/dl-TfliteDynamiteDynamite.integ_243930802100800.apk has no usable artifacts
01-02 17:44:33.827  1044  1111 I artd    : GetBestInfo: /data/user_de/0/com.google.android.gms/app_chimera/m/00000005/GoogleCertificates.apk has no usable artifacts
01-02 17:44:33.828  1044  1111 I artd    : GetBestInfo: /data/user_de/0/com.google.android.gms/app_chimera/m/00000016/dl-MlkitBarcodeUi.optional_254730100800.apk has no usable artifacts
01-02 17:44:33.830  1044  1111 I artd    : GetBestInfo: vdex next to the dex file (/data/user/0/com.google.android.gms/app_dg_cache/3E7B8642D2C3A70E57BF17BBA509AC6EF658CD43/oat/x86_64/the.vdex) is kOatUpToDate with filter 'verify' executable 'false'
01-02 17:44:33.832  1044  1111 I artd    : GetBestInfo: /data/user_de/0/com.google.android.gms/app_chimera/m/00000008/dl-VisionOcr.optional_253434100000.apk has no usable artifacts
01-02 17:44:33.833  1044  1111 I artd    : GetBestInfo: /data/user_de/0/com.google.android.gms/app_chimera/m/00000014/dl-Appsearch.optional_254730100800.apk has no usable artifacts
01-02 17:44:33.835  1044  1111 I artd    : GetBestInfo: /data/user_de/0/com.google.android.gms/app_chimera/m/00000009/dl-MlkitOcrCommon.optional_253434100800.apk has no usable artifacts
01-02 17:44:33.837  1044  1111 I artd    : GetBestInfo: /data/user_de/0/com.google.android.gms/app_chimera/m/0000000f/dl-Appsearch.optional_253434100800.apk has no usable artifacts
01-02 17:44:33.840  1044  1111 I artd    : GetBestInfo: vdex next to the dex file (/data/user/0/com.google.android.gms/app_dg_cache/9F0553103A93E6B9A9293C06FF57F54D16588402/oat/x86_64/the.vdex) is kOatUpToDate with filter 'verify' executable 'false'
01-02 17:44:33.841  1044  1111 I artd    : GetBestInfo: /data/user_de/0/com.google.android.gms/app_chimera/m/00000010/dl-VisionOcr.optional_254730100000.apk has no usable artifacts
01-02 17:44:33.842  1044  1111 I artd    : GetBestInfo: /data/user_de/0/com.google.android.gms/app_chimera/m/00000011/dl-PlayCloudSearch.optional_254730100000.apk has no usable artifacts
01-02 17:44:33.844  1044  1111 I artd    : GetBestInfo: /data/user_de/0/com.google.android.gms/app_chimera/m/00000007/MeasurementDynamite.apk has no usable artifacts
01-02 17:44:33.845  1044  1111 I artd    : GetBestInfo: vdex next to the dex file (/data/user/0/com.google.android.gms/app_dg_cache/4C804C498047991068B7703A3662CB65242D8D66/oat/x86_64/the.vdex) is kOatUpToDate with filter 'verify' executable 'false'
01-02 17:44:33.847  1044  1111 I artd    : GetBestInfo: /data/user_de/0/com.google.android.gms/app_chimera/m/0000000e/dl-PlayCloudSearch.optional_253434100000.apk has no usable artifacts
01-02 17:44:33.942   777   793 I system_server: Background concurrent mark compact GC freed 24MB AllocSpace bytes, 8(160KB) LOS objects, 43% free, 30MB/54MB, paused 1.204ms,1.370ms total 159.852ms
01-02 17:44:34.806   777  1357 D BackgroundInstallControlService: Package event received: 0
01-02 17:44:34.829  6712  8528 I NetworkScheduler.Stats: (REDACTED) Task %s/%s started execution. cause:%s exec_start_elapsed_seconds: %s
01-02 17:44:34.850   777  3336 D ActivityManager: sync unfroze 6962 com.google.android.gms.unstable for 6
01-02 17:44:34.853   777  1357 D BackgroundInstallControlService: Package event received: 0
01-02 17:44:34.863   777  3336 W ProcessStats: Tracking association SourceState{2be362d com.google.android.gms.persistent/10147 BFgs #12564} whose proc state 4 is better than process ProcessState{34cf762 com.google.android.gms.unstable/10147 pkg=com.google.android.gms (sub)} proc state 14 (1 skipped)
01-02 17:44:34.915   777  1490 D FileUtils: Rounded bytes from 4103950336 to 8000000000
01-02 17:44:34.928  6962  8851 W libc    : Access denied finding property "persist.adb.tls_server.enable"
01-02 17:44:34.934  6712  6787 W GmsUrlRequestImpl: [https://android.googleapis.com/auth/devicekey] Content-Type header is overwritten.
01-02 17:44:35.022  6712  6787 W GLSUser : [AppCertManager] Exception while requesting key: 
01-02 17:44:35.022  6712  6787 W GLSUser : java.util.concurrent.ExecutionException: cpij: Parse Proto Exception with response code 400
01-02 17:44:35.022  6712  6787 W GLSUser : 	at gsdi.j(:com.google.android.gms@254730038@25.47.30 (260800-833691957):21)
01-02 17:44:35.022  6712  6787 W GLSUser : 	at gsdr.u(:com.google.android.gms@254730038@25.47.30 (260800-833691957):71)
01-02 17:44:35.022  6712  6787 W GLSUser : 	at ajbi.b(:com.google.android.gms@254730038@25.47.30 (260800-833691957):439)
01-02 17:44:35.022  6712  6787 W GLSUser : 	at ajbg.b(:com.google.android.gms@254730038@25.47.30 (260800-833691957):29)
01-02 17:44:35.022  6712  6787 W GLSUser : 	at ajbb.a(:com.google.android.gms@254730038@25.47.30 (260800-833691957):1)
01-02 17:44:35.022  6712  6787 W GLSUser : 	at ajbe.a(:com.google.android.gms@254730038@25.47.30 (260800-833691957):58)
01-02 17:44:35.022  6712  6787 W GLSUser : 	at aebw.call(:com.google.android.gms@254730038@25.47.30 (260800-833691957):56)
01-02 17:44:35.022  6712  6787 W GLSUser : 	at java.util.concurrent.FutureTask.run(FutureTask.java:317)
01-02 17:44:35.022  6712  6787 W GLSUser : 	at bder.c(:com.google.android.gms@254730038@25.47.30 (260800-833691957):50)
01-02 17:44:35.022  6712  6787 W GLSUser : 	at bder.run(:com.google.android.gms@254730038@25.47.30 (260800-833691957):73)
01-02 17:44:35.022  6712  6787 W GLSUser : 	at java.util.concurrent.ThreadPoolExecutor.runWorker(ThreadPoolExecutor.java:1154)
01-02 17:44:35.022  6712  6787 W GLSUser : 	at java.util.concurrent.ThreadPoolExecutor$Worker.run(ThreadPoolExecutor.java:652)
01-02 17:44:35.022  6712  6787 W GLSUser : 	at bdki.run(:com.google.android.gms@254730038@25.47.30 (260800-833691957):8)
01-02 17:44:35.022  6712  6787 W GLSUser : 	at java.lang.Thread.run(Thread.java:1563)
01-02 17:44:35.022  6712  6787 W GLSUser : Caused by: cpij: Parse Proto Exception with response code 400
01-02 17:44:35.022  6712  6787 W GLSUser : 	at cpjm.e(:com.google.android.gms@254730038@25.47.30 (260800-833691957):71)
01-02 17:44:35.022  6712  6787 W GLSUser : 	at cply.d(:com.google.android.gms@254730038@25.47.30 (260800-833691957):18)
01-02 17:44:35.022  6712  6787 W GLSUser : 	at cpmp.onSucceeded(:com.google.android.gms@254730038@25.47.30 (260800-833691957):9)
01-02 17:44:35.022  6712  6787 W GLSUser : 	at m1.ne.onSucceeded(:com.google.android.gms.dynamite_cronetdynamite@254730038@25.47.30 (260800-0):3)
01-02 17:44:35.022  6712  6787 W GLSUser : 	at m1.lx.run(:com.google.android.gms.dynamite_cronetdynamite@254730038@25.47.30 (260800-0):21)
01-02 17:44:35.022  6712  6787 W GLSUser : 	at m1.lr.run(:com.google.android.gms.dynamite_cronetdynamite@254730038@25.47.30 (260800-0):31)
01-02 17:44:35.022  6712  6787 W GLSUser : 	... 6 more
01-02 17:44:35.022  6712  6787 W GLSUser : Caused by: hmmr: Protocol message contained an invalid tag (zero).
01-02 17:44:35.022  6712  6787 W GLSUser : 	at hmjr.k(:com.google.android.gms@254730038@25.47.30 (260800-833691957):43)
01-02 17:44:35.022  6712  6787 W GLSUser : 	at hmnp.c(:com.google.android.gms@254730038@25.47.30 (260800-833691957):399)
01-02 17:44:35.022  6712  6787 W GLSUser : 	at hmnp.i(:com.google.android.gms@254730038@25.47.30 (260800-833691957):8)
01-02 17:44:35.022  6712  6787 W GLSUser : 	at hmlv.y(:com.google.android.gms@254730038@25.47.30 (260800-833691957):23)
01-02 17:44:35.022  6712  6787 W GLSUser : 	at hmlq.g(:com.google.android.gms@254730038@25.47.30 (260800-833691957):3)
01-02 17:44:35.022  6712  6787 W GLSUser : 	at hmjn.e(:com.google.android.gms@254730038@25.47.30 (260800-833691957):1)
01-02 17:44:35.022  6712  6787 W GLSUser : 	at hmjn.d(:com.google.android.gms@254730038@25.47.30 (260800-833691957):3)
01-02 17:44:35.022  6712  6787 W GLSUser : 	at hmjn.p(:com.google.android.gms@254730038@25.47.30 (260800-833691957):1)
01-02 17:44:35.022  6712  6787 W GLSUser : 	at cpjm.g(:com.google.android.gms@254730038@25.47.30 (260800-833691957):69)
01-02 17:44:35.022  6712  6787 W GLSUser : 	at cpjm.e(:com.google.android.gms@254730038@25.47.30 (260800-833691957):11)
01-02 17:44:35.022  6712  6787 W GLSUser : 	... 11 more
01-02 17:44:35.023  6712  8647 I NetworkScheduler.Stats: (REDACTED) Task %s/%s finished executing. cause:%s result: %s elapsed_millis: %s uptime_millis: %s exec_start_elapsed_seconds: %s
01-02 17:44:35.350   777  1490 W AppOps  : Noting op not finished: uid 10147 pkg com.google.android.gms code 113 startTime of in progress event=1767392401980
01-02 17:44:35.352   777  1490 W AppOps  : Noting op not finished: uid 10147 pkg com.google.android.gms code 79 startTime of in progress event=1767392406495
01-02 17:44:35.353   777  1306 I HalDevMgr: bestIfaceCreationProposal is null, requestIface=STA, existingIface=[name=wlan0 type=STA]
01-02 17:44:35.355  6712  6812 I ActivityScheduler: nextTriggerTime: 1930967, in 238100ms, detectorType: 39, FULL_TYPE alarmWindowMillis: 80000
01-02 17:44:36.352   777  2635 W AppOps  : Noting op not finished: uid 10147 pkg com.google.android.gms code 113 startTime of in progress event=1767392401980
01-02 17:44:38.358   777  1306 I HalDevMgr: bestIfaceCreationProposal is null, requestIface=STA, existingIface=[name=wlan0 type=STA]
01-02 17:44:41.363   777  1306 I HalDevMgr: bestIfaceCreationProposal is null, requestIface=STA, existingIface=[name=wlan0 type=STA]
01-02 17:44:42.714  1554  1666 D SatelliteController: iisInCarrierRoamingNbIotNtn: satellite is disabled
01-02 17:44:42.715  1554  1666 D SatelliteController: getCarrierRoamingNtnConnectType: Falling back to global carrier config connect type: 0
01-02 17:44:43.771  8859  8859 W libbinder.BackendUnifiedServiceManager: Thread Pool max thread count is 0. Cannot cache binder as linkToDeath cannot be implemented. serviceName: package
01-02 17:44:43.793  1044  1111 I artd    : GetBestInfo: odex next to the dex file (/data/app/~~xED8esbZ8cY742D38PHDjw==/com.google.android.gms--xlFjAgmy0dbzPOdciNyug==/oat/x86_64/base.odex) is kOatUpToDate with filter 'speed-profile' executable 'false'
01-02 17:44:43.794  1044  1111 I artd    : GetBestInfo: odex next to the dex file (/data/app/~~xED8esbZ8cY742D38PHDjw==/com.google.android.gms--xlFjAgmy0dbzPOdciNyug==/oat/x86_64/split_AdsDynamite_installtime.odex) is kOatUpToDate with filter 'speed' executable 'false'
01-02 17:44:43.796  1044  1111 I artd    : GetBestInfo: odex next to the dex file (/data/app/~~xED8esbZ8cY742D38PHDjw==/com.google.android.gms--xlFjAgmy0dbzPOdciNyug==/oat/x86_64/split_CronetDynamite_installtime.odex) is kOatUpToDate with filter 'speed' executable 'false'
01-02 17:44:43.797  1044  1111 I artd    : GetBestInfo: odex next to the dex file (/data/app/~~xED8esbZ8cY742D38PHDjw==/com.google.android.gms--xlFjAgmy0dbzPOdciNyug==/oat/x86_64/split_DynamiteLoader_installtime.odex) is kOatUpToDate with filter 'speed' executable 'false'
01-02 17:44:43.798  1044  1111 I artd    : GetBestInfo: odex next to the dex file (/data/app/~~xED8esbZ8cY742D38PHDjw==/com.google.android.gms--xlFjAgmy0dbzPOdciNyug==/oat/x86_64/split_DynamiteModulesA_installtime.odex) is kOatUpToDate with filter 'speed' executable 'false'
01-02 17:44:43.799  1044  1111 I artd    : GetBestInfo: odex next to the dex file (/data/app/~~xED8esbZ8cY742D38PHDjw==/com.google.android.gms--xlFjAgmy0dbzPOdciNyug==/oat/x86_64/split_DynamiteModulesC_installtime.odex) is kOatUpToDate with filter 'speed' executable 'false'
01-02 17:44:43.800  1044  1111 I artd    : GetBestInfo: odex next to the dex file (/data/app/~~xED8esbZ8cY742D38PHDjw==/com.google.android.gms--xlFjAgmy0dbzPOdciNyug==/oat/x86_64/split_GoogleCertificates_installtime.odex) is kOatUpToDate with filter 'speed' executable 'false'
01-02 17:44:43.801  1044  1111 I artd    : GetBestInfo: odex next to the dex file (/data/app/~~xED8esbZ8cY742D38PHDjw==/com.google.android.gms--xlFjAgmy0dbzPOdciNyug==/oat/x86_64/split_MapsDynamite_installtime.odex) is kOatUpToDate with filter 'speed' executable 'false'
01-02 17:44:43.802  1044  1111 I artd    : GetBestInfo: odex next to the dex file (/data/app/~~xED8esbZ8cY742D38PHDjw==/com.google.android.gms--xlFjAgmy0dbzPOdciNyug==/oat/x86_64/split_MeasurementDynamite_installtime.odex) is kOatUpToDate with filter 'speed' executable 'false'
01-02 17:44:43.803  1044  1111 I artd    : GetBestInfo: odex next to the dex file (/data/app/~~xED8esbZ8cY742D38PHDjw==/com.google.android.gms--xlFjAgmy0dbzPOdciNyug==/oat/x86_64/split_all_locale_splits.odex) is kOatUpToDate with filter 'speed' executable 'false'
01-02 17:44:43.804  1044  1111 I artd    : GetBestInfo: /data/user_de/0/com.google.android.gms/app_chimera/m/00000012/dl-MlkitOcrCommon.optional_254730100800.apk has no usable artifacts
01-02 17:44:43.805  1044  1111 I artd    : GetBestInfo: /data/user_de/0/com.google.android.gms/app_chimera/m/0000000c/dl-MlkitBarcodeUi.optional_253434100800.apk has no usable artifacts
01-02 17:44:43.805  1044  1111 I artd    : GetBestInfo: /data/user_de/0/com.google.android.gms/app_chimera/m/00000001/CronetDynamite.apk has no usable artifacts
01-02 17:44:43.805  1044  1111 I artd    : GetBestInfo: /data/user_de/0/com.google.android.gms/app_chimera/m/00000002/DynamiteLoader.apk has no usable artifacts
01-02 17:44:43.806  1044  1111 I artd    : GetBestInfo: /data/user_de/0/com.google.android.gms/app_chimera/m/0000000a/dl-TfliteDynamiteDynamite.integ_243930802100800.apk has no usable artifacts
01-02 17:44:43.806  1044  1111 I artd    : GetBestInfo: /data/user_de/0/com.google.android.gms/app_chimera/m/00000005/GoogleCertificates.apk has no usable artifacts
01-02 17:44:43.807  1044  1111 I artd    : GetBestInfo: /data/user_de/0/com.google.android.gms/app_chimera/m/00000016/dl-MlkitBarcodeUi.optional_254730100800.apk has no usable artifacts
01-02 17:44:43.809  1044  1111 I artd    : GetBestInfo: vdex next to the dex file (/data/user/0/com.google.android.gms/app_dg_cache/3E7B8642D2C3A70E57BF17BBA509AC6EF658CD43/oat/x86_64/the.vdex) is kOatUpToDate with filter 'verify' executable 'false'
01-02 17:44:43.810  1044  1111 I artd    : GetBestInfo: /data/user_de/0/com.google.android.gms/app_chimera/m/00000008/dl-VisionOcr.optional_253434100000.apk has no usable artifacts
01-02 17:44:43.811  1044  1111 I artd    : GetBestInfo: /data/user_de/0/com.google.android.gms/app_chimera/m/00000014/dl-Appsearch.optional_254730100800.apk has no usable artifacts
01-02 17:44:43.812  1044  1111 I artd    : GetBestInfo: /data/user_de/0/com.google.android.gms/app_chimera/m/00000009/dl-MlkitOcrCommon.optional_253434100800.apk has no usable artifacts
01-02 17:44:43.812  1044  1111 I artd    : GetBestInfo: /data/user_de/0/com.google.android.gms/app_chimera/m/0000000f/dl-Appsearch.optional_253434100800.apk has no usable artifacts
01-02 17:44:43.814  1044  1111 I artd    : GetBestInfo: vdex next to the dex file (/data/user/0/com.google.android.gms/app_dg_cache/9F0553103A93E6B9A9293C06FF57F54D16588402/oat/x86_64/the.vdex) is kOatUpToDate with filter 'verify' executable 'false'
01-02 17:44:43.814  1044  1111 I artd    : GetBestInfo: /data/user_de/0/com.google.android.gms/app_chimera/m/00000010/dl-VisionOcr.optional_254730100000.apk has no usable artifacts
01-02 17:44:43.815  1044  1111 I artd    : GetBestInfo: /data/user_de/0/com.google.android.gms/app_chimera/m/00000011/dl-PlayCloudSearch.optional_254730100000.apk has no usable artifacts
01-02 17:44:43.816  1044  1111 I artd    : GetBestInfo: /data/user_de/0/com.google.android.gms/app_chimera/m/00000007/MeasurementDynamite.apk has no usable artifacts
01-02 17:44:43.817  1044  1111 I artd    : GetBestInfo: vdex next to the dex file (/data/user/0/com.google.android.gms/app_dg_cache/4C804C498047991068B7703A3662CB65242D8D66/oat/x86_64/the.vdex) is kOatUpToDate with filter 'verify' executable 'false'
01-02 17:44:43.818  1044  1111 I artd    : GetBestInfo: /data/user_de/0/com.google.android.gms/app_chimera/m/0000000e/dl-PlayCloudSearch.optional_253434100000.apk has no usable artifacts
01-02 17:44:44.368   777  1306 I HalDevMgr: bestIfaceCreationProposal is null, requestIface=STA, existingIface=[name=wlan0 type=STA]
